2025-10-08 00:26:30 - INFO - Saved CSV for Aceh: D:\Develop\repo\db-wilayah-indonesia\src\output\csv\aceh\aceh_kabupaten_kota_index.csv
2025-10-08 00:26:30 - INFO - Saved Parquet for Aceh: D:\Develop\repo\db-wilayah-indonesia\src\output\parquet\aceh\aceh_kabupaten_kota_index.parquet
2025-10-08 00:26:30 - INFO - Saved JSON for Aceh: D:\Develop\repo\db-wilayah-indonesia\src\output\json\aceh\aceh_kabupaten_kota_index.json
2025-10-08 00:26:30 - INFO - Saved debug JSON for Aceh: D:\Develop\repo\db-wilayah-indonesia\src\output\json\debug\aceh\aceh_kabupaten_kota_index.json
2025-10-08 00:26:30 - INFO - Saved CSV for Sumatera Utara: D:\Develop\repo\db-wilayah-indonesia\src\output\csv\sumatera_utara\sumatera_utara_kabupaten_kota_index.csv
2025-10-08 00:26:30 - INFO - Saved Parquet for Sumatera Utara: D:\Develop\repo\db-wilayah-indonesia\src\output\parquet\sumatera_utara\sumatera_utara_kabupaten_kota_index.parquet
2025-10-08 00:26:30 - INFO - Saved JSON for Sumatera Utara: D:\Develop\repo\db-wilayah-indonesia\src\output\json\sumatera_utara\sumatera_utara_kabupaten_kota_index.json
2025-10-08 00:26:30 - INFO - Saved debug JSON for Sumatera Utara: D:\Develop\repo\db-wilayah-indonesia\src\output\json\debug\sumatera_utara\sumatera_utara_kabupaten_kota_index.json
2025-10-08 00:26:30 - INFO - Saved CSV for Sumatera Barat: D:\Develop\repo\db-wilayah-indonesia\src\output\csv\sumatera_barat\sumatera_barat_kabupaten_kota_index.csv
2025-10-08 00:26:30 - INFO - Saved Parquet for Sumatera Barat: D:\Develop\repo\db-wilayah-indonesia\src\output\parquet\sumatera_barat\sumatera_barat_kabupaten_kota_index.parquet
2025-10-08 00:26:30 - INFO - Saved JSON for Sumatera Barat: D:\Develop\repo\db-wilayah-indonesia\src\output\json\sumatera_barat\sumatera_barat_kabupaten_kota_index.json
2025-10-08 00:26:30 - INFO - Saved debug JSON for Sumatera Barat: D:\Develop\repo\db-wilayah-indonesia\src\output\json\debug\sumatera_barat\sumatera_barat_kabupaten_kota_index.json
2025-10-08 00:26:30 - INFO - Saved CSV for Riau: D:\Develop\repo\db-wilayah-indonesia\src\output\csv\riau\riau_kabupaten_kota_index.csv
2025-10-08 00:26:30 - INFO - Saved Parquet for Riau: D:\Develop\repo\db-wilayah-indonesia\src\output\parquet\riau\riau_kabupaten_kota_index.parquet
2025-10-08 00:26:30 - INFO - Saved JSON for Riau: D:\Develop\repo\db-wilayah-indonesia\src\output\json\riau\riau_kabupaten_kota_index.json
2025-10-08 00:26:30 - INFO - Saved debug JSON for Riau: D:\Develop\repo\db-wilayah-indonesia\src\output\json\debug\riau\riau_kabupaten_kota_index.json
2025-10-08 00:26:30 - INFO - Saved CSV for Jambi: D:\Develop\repo\db-wilayah-indonesia\src\output\csv\jambi\jambi_kabupaten_kota_index.csv
2025-10-08 00:26:30 - INFO - Saved Parquet for Jambi: D:\Develop\repo\db-wilayah-indonesia\src\output\parquet\jambi\jambi_kabupaten_kota_index.parquet
2025-10-08 00:26:30 - INFO - Saved JSON for Jambi: D:\Develop\repo\db-wilayah-indonesia\src\output\json\jambi\jambi_kabupaten_kota_index.json
2025-10-08 00:26:30 - INFO - Saved debug JSON for Jambi: D:\Develop\repo\db-wilayah-indonesia\src\output\json\debug\jambi\jambi_kabupaten_kota_index.json
2025-10-08 00:26:30 - INFO - Saved CSV for Sumatera Selatan: D:\Develop\repo\db-wilayah-indonesia\src\output\csv\sumatera_selatan\sumatera_selatan_kabupaten_kota_index.csv
2025-10-08 00:26:30 - INFO - Saved Parquet for Sumatera Selatan: D:\Develop\repo\db-wilayah-indonesia\src\output\parquet\sumatera_selatan\sumatera_selatan_kabupaten_kota_index.parquet
2025-10-08 00:26:30 - INFO - Saved JSON for Sumatera Selatan: D:\Develop\repo\db-wilayah-indonesia\src\output\json\sumatera_selatan\sumatera_selatan_kabupaten_kota_index.json
2025-10-08 00:26:30 - INFO - Saved debug JSON for Sumatera Selatan: D:\Develop\repo\db-wilayah-indonesia\src\output\json\debug\sumatera_selatan\sumatera_selatan_kabupaten_kota_index.json
2025-10-08 00:26:30 - INFO - Saved CSV for Bengkulu: D:\Develop\repo\db-wilayah-indonesia\src\output\csv\bengkulu\bengkulu_kabupaten_kota_index.csv
2025-10-08 00:26:30 - INFO - Saved Parquet for Bengkulu: D:\Develop\repo\db-wilayah-indonesia\src\output\parquet\bengkulu\bengkulu_kabupaten_kota_index.parquet
2025-10-08 00:26:30 - INFO - Saved JSON for Bengkulu: D:\Develop\repo\db-wilayah-indonesia\src\output\json\bengkulu\bengkulu_kabupaten_kota_index.json
2025-10-08 00:26:30 - INFO - Saved debug JSON for Bengkulu: D:\Develop\repo\db-wilayah-indonesia\src\output\json\debug\bengkulu\bengkulu_kabupaten_kota_index.json
2025-10-08 00:26:30 - INFO - Saved CSV for Lampung: D:\Develop\repo\db-wilayah-indonesia\src\output\csv\lampung\lampung_kabupaten_kota_index.csv
2025-10-08 00:26:30 - INFO - Saved Parquet for Lampung: D:\Develop\repo\db-wilayah-indonesia\src\output\parquet\lampung\lampung_kabupaten_kota_index.parquet
2025-10-08 00:26:30 - INFO - Saved JSON for Lampung: D:\Develop\repo\db-wilayah-indonesia\src\output\json\lampung\lampung_kabupaten_kota_index.json
2025-10-08 00:26:30 - INFO - Saved debug JSON for Lampung: D:\Develop\repo\db-wilayah-indonesia\src\output\json\debug\lampung\lampung_kabupaten_kota_index.json
2025-10-08 00:26:30 - INFO - Saved CSV for Kepulauan Bangka Belitung: D:\Develop\repo\db-wilayah-indonesia\src\output\csv\kepulauan_bangka_belitung\kepulauan_bangka_belitung_kabupaten_kota_index.csv
2025-10-08 00:26:30 - INFO - Saved Parquet for Kepulauan Bangka Belitung: D:\Develop\repo\db-wilayah-indonesia\src\output\parquet\kepulauan_bangka_belitung\kepulauan_bangka_belitung_kabupaten_kota_index.parquet
2025-10-08 00:26:30 - INFO - Saved JSON for Kepulauan Bangka Belitung: D:\Develop\repo\db-wilayah-indonesia\src\output\json\kepulauan_bangka_belitung\kepulauan_bangka_belitung_kabupaten_kota_index.json
2025-10-08 00:26:30 - INFO - Saved debug JSON for Kepulauan Bangka Belitung: D:\Develop\repo\db-wilayah-indonesia\src\output\json\debug\kepulauan_bangka_belitung\kepulauan_bangka_belitung_kabupaten_kota_index.json
2025-10-08 00:26:30 - INFO - Saved CSV for Kepulauan Riau: D:\Develop\repo\db-wilayah-indonesia\src\output\csv\kepulauan_riau\kepulauan_riau_kabupaten_kota_index.csv
2025-10-08 00:26:30 - INFO - Saved Parquet for Kepulauan Riau: D:\Develop\repo\db-wilayah-indonesia\src\output\parquet\kepulauan_riau\kepulauan_riau_kabupaten_kota_index.parquet
2025-10-08 00:26:30 - INFO - Saved JSON for Kepulauan Riau: D:\Develop\repo\db-wilayah-indonesia\src\output\json\kepulauan_riau\kepulauan_riau_kabupaten_kota_index.json
2025-10-08 00:26:30 - INFO - Saved debug JSON for Kepulauan Riau: D:\Develop\repo\db-wilayah-indonesia\src\output\json\debug\kepulauan_riau\kepulauan_riau_kabupaten_kota_index.json
2025-10-08 00:26:30 - INFO - Saved CSV for Daerah Khusus Ibukota Jakarta: D:\Develop\repo\db-wilayah-indonesia\src\output\csv\daerah_khusus_ibukota_jakarta\daerah_khusus_ibukota_jakarta_kabupaten_kota_index.csv
2025-10-08 00:26:30 - INFO - Saved Parquet for Daerah Khusus Ibukota Jakarta: D:\Develop\repo\db-wilayah-indonesia\src\output\parquet\daerah_khusus_ibukota_jakarta\daerah_khusus_ibukota_jakarta_kabupaten_kota_index.parquet
2025-10-08 00:26:30 - INFO - Saved JSON for Daerah Khusus Ibukota Jakarta: D:\Develop\repo\db-wilayah-indonesia\src\output\json\daerah_khusus_ibukota_jakarta\daerah_khusus_ibukota_jakarta_kabupaten_kota_index.json
2025-10-08 00:26:30 - INFO - Saved debug JSON for Daerah Khusus Ibukota Jakarta: D:\Develop\repo\db-wilayah-indonesia\src\output\json\debug\daerah_khusus_ibukota_jakarta\daerah_khusus_ibukota_jakarta_kabupaten_kota_index.json
2025-10-08 00:26:30 - INFO - Saved CSV for Jawa Barat: D:\Develop\repo\db-wilayah-indonesia\src\output\csv\jawa_barat\jawa_barat_kabupaten_kota_index.csv
2025-10-08 00:26:30 - INFO - Saved Parquet for Jawa Barat: D:\Develop\repo\db-wilayah-indonesia\src\output\parquet\jawa_barat\jawa_barat_kabupaten_kota_index.parquet
2025-10-08 00:26:30 - INFO - Saved JSON for Jawa Barat: D:\Develop\repo\db-wilayah-indonesia\src\output\json\jawa_barat\jawa_barat_kabupaten_kota_index.json
2025-10-08 00:26:30 - INFO - Saved debug JSON for Jawa Barat: D:\Develop\repo\db-wilayah-indonesia\src\output\json\debug\jawa_barat\jawa_barat_kabupaten_kota_index.json
2025-10-08 00:26:30 - INFO - Saved CSV for Jawa Tengah: D:\Develop\repo\db-wilayah-indonesia\src\output\csv\jawa_tengah\jawa_tengah_kabupaten_kota_index.csv
2025-10-08 00:26:30 - INFO - Saved Parquet for Jawa Tengah: D:\Develop\repo\db-wilayah-indonesia\src\output\parquet\jawa_tengah\jawa_tengah_kabupaten_kota_index.parquet
2025-10-08 00:26:30 - INFO - Saved JSON for Jawa Tengah: D:\Develop\repo\db-wilayah-indonesia\src\output\json\jawa_tengah\jawa_tengah_kabupaten_kota_index.json
2025-10-08 00:26:30 - INFO - Saved debug JSON for Jawa Tengah: D:\Develop\repo\db-wilayah-indonesia\src\output\json\debug\jawa_tengah\jawa_tengah_kabupaten_kota_index.json
2025-10-08 00:26:30 - INFO - Saved CSV for Daerah Istimewa Yogyakarta: D:\Develop\repo\db-wilayah-indonesia\src\output\csv\daerah_istimewa_yogyakarta\daerah_istimewa_yogyakarta_kabupaten_kota_index.csv
2025-10-08 00:26:30 - INFO - Saved Parquet for Daerah Istimewa Yogyakarta: D:\Develop\repo\db-wilayah-indonesia\src\output\parquet\daerah_istimewa_yogyakarta\daerah_istimewa_yogyakarta_kabupaten_kota_index.parquet
2025-10-08 00:26:30 - INFO - Saved JSON for Daerah Istimewa Yogyakarta: D:\Develop\repo\db-wilayah-indonesia\src\output\json\daerah_istimewa_yogyakarta\daerah_istimewa_yogyakarta_kabupaten_kota_index.json
2025-10-08 00:26:30 - INFO - Saved debug JSON for Daerah Istimewa Yogyakarta: D:\Develop\repo\db-wilayah-indonesia\src\output\json\debug\daerah_istimewa_yogyakarta\daerah_istimewa_yogyakarta_kabupaten_kota_index.json
2025-10-08 00:26:30 - INFO - Saved CSV for Jawa Timur: D:\Develop\repo\db-wilayah-indonesia\src\output\csv\jawa_timur\jawa_timur_kabupaten_kota_index.csv
2025-10-08 00:26:30 - INFO - Saved Parquet for Jawa Timur: D:\Develop\repo\db-wilayah-indonesia\src\output\parquet\jawa_timur\jawa_timur_kabupaten_kota_index.parquet
2025-10-08 00:26:30 - INFO - Saved JSON for Jawa Timur: D:\Develop\repo\db-wilayah-indonesia\src\output\json\jawa_timur\jawa_timur_kabupaten_kota_index.json
2025-10-08 00:26:30 - INFO - Saved debug JSON for Jawa Timur: D:\Develop\repo\db-wilayah-indonesia\src\output\json\debug\jawa_timur\jawa_timur_kabupaten_kota_index.json
2025-10-08 00:26:30 - INFO - Saved CSV for Banten: D:\Develop\repo\db-wilayah-indonesia\src\output\csv\banten\banten_kabupaten_kota_index.csv
2025-10-08 00:26:30 - INFO - Saved Parquet for Banten: D:\Develop\repo\db-wilayah-indonesia\src\output\parquet\banten\banten_kabupaten_kota_index.parquet
2025-10-08 00:26:30 - INFO - Saved JSON for Banten: D:\Develop\repo\db-wilayah-indonesia\src\output\json\banten\banten_kabupaten_kota_index.json
2025-10-08 00:26:30 - INFO - Saved debug JSON for Banten: D:\Develop\repo\db-wilayah-indonesia\src\output\json\debug\banten\banten_kabupaten_kota_index.json
2025-10-08 00:26:30 - INFO - Saved CSV for Bali: D:\Develop\repo\db-wilayah-indonesia\src\output\csv\bali\bali_kabupaten_kota_index.csv
2025-10-08 00:26:30 - INFO - Saved Parquet for Bali: D:\Develop\repo\db-wilayah-indonesia\src\output\parquet\bali\bali_kabupaten_kota_index.parquet
2025-10-08 00:26:30 - INFO - Saved JSON for Bali: D:\Develop\repo\db-wilayah-indonesia\src\output\json\bali\bali_kabupaten_kota_index.json
2025-10-08 00:26:30 - INFO - Saved debug JSON for Bali: D:\Develop\repo\db-wilayah-indonesia\src\output\json\debug\bali\bali_kabupaten_kota_index.json
2025-10-08 00:26:30 - INFO - Saved CSV for Nusa Tenggara Barat: D:\Develop\repo\db-wilayah-indonesia\src\output\csv\nusa_tenggara_barat\nusa_tenggara_barat_kabupaten_kota_index.csv
2025-10-08 00:26:30 - INFO - Saved Parquet for Nusa Tenggara Barat: D:\Develop\repo\db-wilayah-indonesia\src\output\parquet\nusa_tenggara_barat\nusa_tenggara_barat_kabupaten_kota_index.parquet
2025-10-08 00:26:30 - INFO - Saved JSON for Nusa Tenggara Barat: D:\Develop\repo\db-wilayah-indonesia\src\output\json\nusa_tenggara_barat\nusa_tenggara_barat_kabupaten_kota_index.json
2025-10-08 00:26:30 - INFO - Saved debug JSON for Nusa Tenggara Barat: D:\Develop\repo\db-wilayah-indonesia\src\output\json\debug\nusa_tenggara_barat\nusa_tenggara_barat_kabupaten_kota_index.json
2025-10-08 00:26:30 - INFO - Saved CSV for Nusa Tenggara Timur: D:\Develop\repo\db-wilayah-indonesia\src\output\csv\nusa_tenggara_timur\nusa_tenggara_timur_kabupaten_kota_index.csv
2025-10-08 00:26:30 - INFO - Saved Parquet for Nusa Tenggara Timur: D:\Develop\repo\db-wilayah-indonesia\src\output\parquet\nusa_tenggara_timur\nusa_tenggara_timur_kabupaten_kota_index.parquet
2025-10-08 00:26:30 - INFO - Saved JSON for Nusa Tenggara Timur: D:\Develop\repo\db-wilayah-indonesia\src\output\json\nusa_tenggara_timur\nusa_tenggara_timur_kabupaten_kota_index.json
2025-10-08 00:26:30 - INFO - Saved debug JSON for Nusa Tenggara Timur: D:\Develop\repo\db-wilayah-indonesia\src\output\json\debug\nusa_tenggara_timur\nusa_tenggara_timur_kabupaten_kota_index.json
2025-10-08 00:26:30 - INFO - Saved CSV for Kalimantan Barat: D:\Develop\repo\db-wilayah-indonesia\src\output\csv\kalimantan_barat\kalimantan_barat_kabupaten_kota_index.csv
2025-10-08 00:26:30 - INFO - Saved Parquet for Kalimantan Barat: D:\Develop\repo\db-wilayah-indonesia\src\output\parquet\kalimantan_barat\kalimantan_barat_kabupaten_kota_index.parquet
2025-10-08 00:26:30 - INFO - Saved JSON for Kalimantan Barat: D:\Develop\repo\db-wilayah-indonesia\src\output\json\kalimantan_barat\kalimantan_barat_kabupaten_kota_index.json
2025-10-08 00:26:30 - INFO - Saved debug JSON for Kalimantan Barat: D:\Develop\repo\db-wilayah-indonesia\src\output\json\debug\kalimantan_barat\kalimantan_barat_kabupaten_kota_index.json
2025-10-08 00:26:30 - INFO - Saved CSV for Kalimantan Tengah: D:\Develop\repo\db-wilayah-indonesia\src\output\csv\kalimantan_tengah\kalimantan_tengah_kabupaten_kota_index.csv
2025-10-08 00:26:30 - INFO - Saved Parquet for Kalimantan Tengah: D:\Develop\repo\db-wilayah-indonesia\src\output\parquet\kalimantan_tengah\kalimantan_tengah_kabupaten_kota_index.parquet
2025-10-08 00:26:30 - INFO - Saved JSON for Kalimantan Tengah: D:\Develop\repo\db-wilayah-indonesia\src\output\json\kalimantan_tengah\kalimantan_tengah_kabupaten_kota_index.json
2025-10-08 00:26:30 - INFO - Saved debug JSON for Kalimantan Tengah: D:\Develop\repo\db-wilayah-indonesia\src\output\json\debug\kalimantan_tengah\kalimantan_tengah_kabupaten_kota_index.json
2025-10-08 00:26:30 - INFO - Saved CSV for Kalimantan Selatan: D:\Develop\repo\db-wilayah-indonesia\src\output\csv\kalimantan_selatan\kalimantan_selatan_kabupaten_kota_index.csv
2025-10-08 00:26:30 - INFO - Saved Parquet for Kalimantan Selatan: D:\Develop\repo\db-wilayah-indonesia\src\output\parquet\kalimantan_selatan\kalimantan_selatan_kabupaten_kota_index.parquet
2025-10-08 00:26:30 - INFO - Saved JSON for Kalimantan Selatan: D:\Develop\repo\db-wilayah-indonesia\src\output\json\kalimantan_selatan\kalimantan_selatan_kabupaten_kota_index.json
2025-10-08 00:26:30 - INFO - Saved debug JSON for Kalimantan Selatan: D:\Develop\repo\db-wilayah-indonesia\src\output\json\debug\kalimantan_selatan\kalimantan_selatan_kabupaten_kota_index.json
2025-10-08 00:26:30 - INFO - Saved CSV for Kalimantan Timur: D:\Develop\repo\db-wilayah-indonesia\src\output\csv\kalimantan_timur\kalimantan_timur_kabupaten_kota_index.csv
2025-10-08 00:26:30 - INFO - Saved Parquet for Kalimantan Timur: D:\Develop\repo\db-wilayah-indonesia\src\output\parquet\kalimantan_timur\kalimantan_timur_kabupaten_kota_index.parquet
2025-10-08 00:26:30 - INFO - Saved JSON for Kalimantan Timur: D:\Develop\repo\db-wilayah-indonesia\src\output\json\kalimantan_timur\kalimantan_timur_kabupaten_kota_index.json
2025-10-08 00:26:30 - INFO - Saved debug JSON for Kalimantan Timur: D:\Develop\repo\db-wilayah-indonesia\src\output\json\debug\kalimantan_timur\kalimantan_timur_kabupaten_kota_index.json
2025-10-08 00:26:30 - INFO - Saved CSV for Kalimantan Utara: D:\Develop\repo\db-wilayah-indonesia\src\output\csv\kalimantan_utara\kalimantan_utara_kabupaten_kota_index.csv
2025-10-08 00:26:30 - INFO - Saved Parquet for Kalimantan Utara: D:\Develop\repo\db-wilayah-indonesia\src\output\parquet\kalimantan_utara\kalimantan_utara_kabupaten_kota_index.parquet
2025-10-08 00:26:30 - INFO - Saved JSON for Kalimantan Utara: D:\Develop\repo\db-wilayah-indonesia\src\output\json\kalimantan_utara\kalimantan_utara_kabupaten_kota_index.json
2025-10-08 00:26:30 - INFO - Saved debug JSON for Kalimantan Utara: D:\Develop\repo\db-wilayah-indonesia\src\output\json\debug\kalimantan_utara\kalimantan_utara_kabupaten_kota_index.json
2025-10-08 00:26:30 - INFO - Saved CSV for Sulawesi Utara: D:\Develop\repo\db-wilayah-indonesia\src\output\csv\sulawesi_utara\sulawesi_utara_kabupaten_kota_index.csv
2025-10-08 00:26:30 - INFO - Saved Parquet for Sulawesi Utara: D:\Develop\repo\db-wilayah-indonesia\src\output\parquet\sulawesi_utara\sulawesi_utara_kabupaten_kota_index.parquet
2025-10-08 00:26:30 - INFO - Saved JSON for Sulawesi Utara: D:\Develop\repo\db-wilayah-indonesia\src\output\json\sulawesi_utara\sulawesi_utara_kabupaten_kota_index.json
2025-10-08 00:26:30 - INFO - Saved debug JSON for Sulawesi Utara: D:\Develop\repo\db-wilayah-indonesia\src\output\json\debug\sulawesi_utara\sulawesi_utara_kabupaten_kota_index.json
2025-10-08 00:26:30 - INFO - Saved CSV for Sulawesi Tengah: D:\Develop\repo\db-wilayah-indonesia\src\output\csv\sulawesi_tengah\sulawesi_tengah_kabupaten_kota_index.csv
2025-10-08 00:26:30 - INFO - Saved Parquet for Sulawesi Tengah: D:\Develop\repo\db-wilayah-indonesia\src\output\parquet\sulawesi_tengah\sulawesi_tengah_kabupaten_kota_index.parquet
2025-10-08 00:26:30 - INFO - Saved JSON for Sulawesi Tengah: D:\Develop\repo\db-wilayah-indonesia\src\output\json\sulawesi_tengah\sulawesi_tengah_kabupaten_kota_index.json
2025-10-08 00:26:30 - INFO - Saved debug JSON for Sulawesi Tengah: D:\Develop\repo\db-wilayah-indonesia\src\output\json\debug\sulawesi_tengah\sulawesi_tengah_kabupaten_kota_index.json
2025-10-08 00:26:30 - INFO - Saved CSV for Sulawesi Selatan: D:\Develop\repo\db-wilayah-indonesia\src\output\csv\sulawesi_selatan\sulawesi_selatan_kabupaten_kota_index.csv
2025-10-08 00:26:30 - INFO - Saved Parquet for Sulawesi Selatan: D:\Develop\repo\db-wilayah-indonesia\src\output\parquet\sulawesi_selatan\sulawesi_selatan_kabupaten_kota_index.parquet
2025-10-08 00:26:30 - INFO - Saved JSON for Sulawesi Selatan: D:\Develop\repo\db-wilayah-indonesia\src\output\json\sulawesi_selatan\sulawesi_selatan_kabupaten_kota_index.json
2025-10-08 00:26:30 - INFO - Saved debug JSON for Sulawesi Selatan: D:\Develop\repo\db-wilayah-indonesia\src\output\json\debug\sulawesi_selatan\sulawesi_selatan_kabupaten_kota_index.json
2025-10-08 00:26:30 - INFO - Saved CSV for Sulawesi Tenggara: D:\Develop\repo\db-wilayah-indonesia\src\output\csv\sulawesi_tenggara\sulawesi_tenggara_kabupaten_kota_index.csv
2025-10-08 00:26:30 - INFO - Saved Parquet for Sulawesi Tenggara: D:\Develop\repo\db-wilayah-indonesia\src\output\parquet\sulawesi_tenggara\sulawesi_tenggara_kabupaten_kota_index.parquet
2025-10-08 00:26:30 - INFO - Saved JSON for Sulawesi Tenggara: D:\Develop\repo\db-wilayah-indonesia\src\output\json\sulawesi_tenggara\sulawesi_tenggara_kabupaten_kota_index.json
2025-10-08 00:26:30 - INFO - Saved debug JSON for Sulawesi Tenggara: D:\Develop\repo\db-wilayah-indonesia\src\output\json\debug\sulawesi_tenggara\sulawesi_tenggara_kabupaten_kota_index.json
2025-10-08 00:26:30 - INFO - Saved CSV for Gorontalo: D:\Develop\repo\db-wilayah-indonesia\src\output\csv\gorontalo\gorontalo_kabupaten_kota_index.csv
2025-10-08 00:26:30 - INFO - Saved Parquet for Gorontalo: D:\Develop\repo\db-wilayah-indonesia\src\output\parquet\gorontalo\gorontalo_kabupaten_kota_index.parquet
2025-10-08 00:26:30 - INFO - Saved JSON for Gorontalo: D:\Develop\repo\db-wilayah-indonesia\src\output\json\gorontalo\gorontalo_kabupaten_kota_index.json
2025-10-08 00:26:30 - INFO - Saved debug JSON for Gorontalo: D:\Develop\repo\db-wilayah-indonesia\src\output\json\debug\gorontalo\gorontalo_kabupaten_kota_index.json
2025-10-08 00:26:30 - INFO - Saved CSV for Sulawesi Barat: D:\Develop\repo\db-wilayah-indonesia\src\output\csv\sulawesi_barat\sulawesi_barat_kabupaten_kota_index.csv
2025-10-08 00:26:30 - INFO - Saved Parquet for Sulawesi Barat: D:\Develop\repo\db-wilayah-indonesia\src\output\parquet\sulawesi_barat\sulawesi_barat_kabupaten_kota_index.parquet
2025-10-08 00:26:30 - INFO - Saved JSON for Sulawesi Barat: D:\Develop\repo\db-wilayah-indonesia\src\output\json\sulawesi_barat\sulawesi_barat_kabupaten_kota_index.json
2025-10-08 00:26:30 - INFO - Saved debug JSON for Sulawesi Barat: D:\Develop\repo\db-wilayah-indonesia\src\output\json\debug\sulawesi_barat\sulawesi_barat_kabupaten_kota_index.json
2025-10-08 00:26:30 - INFO - Saved CSV for Maluku: D:\Develop\repo\db-wilayah-indonesia\src\output\csv\maluku\maluku_kabupaten_kota_index.csv
2025-10-08 00:26:30 - INFO - Saved Parquet for Maluku: D:\Develop\repo\db-wilayah-indonesia\src\output\parquet\maluku\maluku_kabupaten_kota_index.parquet
2025-10-08 00:26:30 - INFO - Saved JSON for Maluku: D:\Develop\repo\db-wilayah-indonesia\src\output\json\maluku\maluku_kabupaten_kota_index.json
2025-10-08 00:26:30 - INFO - Saved debug JSON for Maluku: D:\Develop\repo\db-wilayah-indonesia\src\output\json\debug\maluku\maluku_kabupaten_kota_index.json
2025-10-08 00:26:30 - INFO - Saved CSV for Maluku Utara: D:\Develop\repo\db-wilayah-indonesia\src\output\csv\maluku_utara\maluku_utara_kabupaten_kota_index.csv
2025-10-08 00:26:30 - INFO - Saved Parquet for Maluku Utara: D:\Develop\repo\db-wilayah-indonesia\src\output\parquet\maluku_utara\maluku_utara_kabupaten_kota_index.parquet
2025-10-08 00:26:30 - INFO - Saved JSON for Maluku Utara: D:\Develop\repo\db-wilayah-indonesia\src\output\json\maluku_utara\maluku_utara_kabupaten_kota_index.json
2025-10-08 00:26:30 - INFO - Saved debug JSON for Maluku Utara: D:\Develop\repo\db-wilayah-indonesia\src\output\json\debug\maluku_utara\maluku_utara_kabupaten_kota_index.json
2025-10-08 00:26:30 - INFO - Saved CSV for Papua: D:\Develop\repo\db-wilayah-indonesia\src\output\csv\papua\papua_kabupaten_kota_index.csv
2025-10-08 00:26:30 - INFO - Saved Parquet for Papua: D:\Develop\repo\db-wilayah-indonesia\src\output\parquet\papua\papua_kabupaten_kota_index.parquet
2025-10-08 00:26:30 - INFO - Saved JSON for Papua: D:\Develop\repo\db-wilayah-indonesia\src\output\json\papua\papua_kabupaten_kota_index.json
2025-10-08 00:26:30 - INFO - Saved debug JSON for Papua: D:\Develop\repo\db-wilayah-indonesia\src\output\json\debug\papua\papua_kabupaten_kota_index.json
2025-10-08 00:26:30 - INFO - Saved CSV for Papua Barat: D:\Develop\repo\db-wilayah-indonesia\src\output\csv\papua_barat\papua_barat_kabupaten_kota_index.csv
2025-10-08 00:26:30 - INFO - Saved Parquet for Papua Barat: D:\Develop\repo\db-wilayah-indonesia\src\output\parquet\papua_barat\papua_barat_kabupaten_kota_index.parquet
2025-10-08 00:26:30 - INFO - Saved JSON for Papua Barat: D:\Develop\repo\db-wilayah-indonesia\src\output\json\papua_barat\papua_barat_kabupaten_kota_index.json
2025-10-08 00:26:30 - INFO - Saved debug JSON for Papua Barat: D:\Develop\repo\db-wilayah-indonesia\src\output\json\debug\papua_barat\papua_barat_kabupaten_kota_index.json
2025-10-08 00:26:30 - INFO - Saved CSV for Papua Selatan: D:\Develop\repo\db-wilayah-indonesia\src\output\csv\papua_selatan\papua_selatan_kabupaten_kota_index.csv
2025-10-08 00:26:30 - INFO - Saved Parquet for Papua Selatan: D:\Develop\repo\db-wilayah-indonesia\src\output\parquet\papua_selatan\papua_selatan_kabupaten_kota_index.parquet
2025-10-08 00:26:30 - INFO - Saved JSON for Papua Selatan: D:\Develop\repo\db-wilayah-indonesia\src\output\json\papua_selatan\papua_selatan_kabupaten_kota_index.json
2025-10-08 00:26:30 - INFO - Saved debug JSON for Papua Selatan: D:\Develop\repo\db-wilayah-indonesia\src\output\json\debug\papua_selatan\papua_selatan_kabupaten_kota_index.json
2025-10-08 00:26:30 - INFO - Saved CSV for Papua Tengah: D:\Develop\repo\db-wilayah-indonesia\src\output\csv\papua_tengah\papua_tengah_kabupaten_kota_index.csv
2025-10-08 00:26:30 - INFO - Saved Parquet for Papua Tengah: D:\Develop\repo\db-wilayah-indonesia\src\output\parquet\papua_tengah\papua_tengah_kabupaten_kota_index.parquet
2025-10-08 00:26:30 - INFO - Saved JSON for Papua Tengah: D:\Develop\repo\db-wilayah-indonesia\src\output\json\papua_tengah\papua_tengah_kabupaten_kota_index.json
2025-10-08 00:26:30 - INFO - Saved debug JSON for Papua Tengah: D:\Develop\repo\db-wilayah-indonesia\src\output\json\debug\papua_tengah\papua_tengah_kabupaten_kota_index.json
2025-10-08 00:26:30 - INFO - Saved CSV for Papua Pegunungan: D:\Develop\repo\db-wilayah-indonesia\src\output\csv\papua_pegunungan\papua_pegunungan_kabupaten_kota_index.csv
2025-10-08 00:26:30 - INFO - Saved Parquet for Papua Pegunungan: D:\Develop\repo\db-wilayah-indonesia\src\output\parquet\papua_pegunungan\papua_pegunungan_kabupaten_kota_index.parquet
2025-10-08 00:26:30 - INFO - Saved JSON for Papua Pegunungan: D:\Develop\repo\db-wilayah-indonesia\src\output\json\papua_pegunungan\papua_pegunungan_kabupaten_kota_index.json
2025-10-08 00:26:30 - INFO - Saved debug JSON for Papua Pegunungan: D:\Develop\repo\db-wilayah-indonesia\src\output\json\debug\papua_pegunungan\papua_pegunungan_kabupaten_kota_index.json
2025-10-08 00:26:30 - INFO - Saved CSV for Papua Barat Daya: D:\Develop\repo\db-wilayah-indonesia\src\output\csv\papua_barat_daya\papua_barat_daya_kabupaten_kota_index.csv
2025-10-08 00:26:30 - INFO - Saved Parquet for Papua Barat Daya: D:\Develop\repo\db-wilayah-indonesia\src\output\parquet\papua_barat_daya\papua_barat_daya_kabupaten_kota_index.parquet
2025-10-08 00:26:30 - INFO - Saved JSON for Papua Barat Daya: D:\Develop\repo\db-wilayah-indonesia\src\output\json\papua_barat_daya\papua_barat_daya_kabupaten_kota_index.json
2025-10-08 00:26:30 - INFO - Saved debug JSON for Papua Barat Daya: D:\Develop\repo\db-wilayah-indonesia\src\output\json\debug\papua_barat_daya\papua_barat_daya_kabupaten_kota_index.json
